[2026-06-03 13:08:05] GET /ss_portal/ elapsed=0.0055
[2026-06-03 13:10:52] GET /ss_portal/ elapsed=0.0002
[2026-06-03 13:12:19] GET /ss_portal/login.php elapsed=0.0110
[2026-06-03 13:12:29] POST /ss_portal/login.php elapsed=0.1353
[2026-06-03 13:13:46] GET /ss_portal/register.php elapsed=0.0192
[2026-06-03 13:14:04] POST /ss_portal/register.php elapsed=0.0051
[2026-06-03 13:14:09] GET /ss_portal/login.php elapsed=0.0210
[2026-06-03 13:14:18] POST /ss_portal/login.php elapsed=0.1141
[2026-06-03 13:14:18] GET /ss_portal/index.php elapsed=0.0002
[2026-06-03 13:14:27] GET /ss_portal/grades.php elapsed=0.0043
[2026-06-03 13:14:38] GET /ss_portal/courses.php elapsed=0.0136
[2026-06-03 13:14:43] GET /ss_portal/index.php elapsed=0.0001
[2026-06-03 13:14:45] GET /ss_portal/courses.php elapsed=0.0058
[2026-06-03 13:14:49] GET /ss_portal/index.php elapsed=0.0002
[2026-06-03 13:14:50] GET /ss_portal/profile.php elapsed=0.0051
[2026-06-03 13:15:01] GET /ss_portal/index.php elapsed=0.0003
[2026-06-03 14:11:53] GET /ss_portal/index.php elapsed=0.0002
[2026-06-03 14:12:00] GET /ss_portal/index.php elapsed=0.0002
[2026-06-03 14:12:02] GET /ss_portal/index.php elapsed=0.0003
[2026-06-03 14:12:03] GET /ss_portal/courses.php elapsed=0.0204
[2026-06-03 14:12:07] GET /ss_portal/grades.php elapsed=0.0049
[2026-06-03 14:12:15] GET /ss_portal/grades.php elapsed=0.0045
[2026-06-03 14:12:17] GET /ss_portal/quizzes.php elapsed=0.0002
[2026-06-03 14:12:23] GET /ss_portal/courses.php elapsed=0.0042
[2026-06-03 14:12:24] GET /ss_portal/index.php elapsed=0.0003
[2026-06-03 14:17:34] GET /ss_portal/index.php elapsed=0.0009
[2026-06-03 14:18:40] GET /ss_portal/index.php elapsed=0.0009
[2026-06-03 14:18:59] GET /ss_portal/index.php elapsed=0.0007
[2026-06-03 14:19:01] GET /ss_portal/courses.php elapsed=0.0202
[2026-06-03 14:19:08] GET /ss_portal/index.php elapsed=0.0007
[2026-06-03 14:19:28] GET /ss_portal/courses.php elapsed=0.0036
[2026-06-03 14:19:30] GET /ss_portal/grades.php elapsed=0.0054
[2026-06-03 14:19:39] GET /ss_portal/quizzes.php elapsed=0.0002
[2026-06-03 14:19:51] GET /ss_portal/courses.php elapsed=0.0045
[2026-06-03 14:19:53] GET /ss_portal/index.php elapsed=0.0007
[2026-06-03 14:19:54] GET /ss_portal/courses.php elapsed=0.0188
[2026-06-03 14:19:59] GET /ss_portal/index.php elapsed=0.0005
[2026-06-03 14:22:57] GET /ss_portal/courses.php elapsed=0.0156
[2026-06-03 14:25:21] GET /ss_portal/courses.php elapsed=0.0212
[2026-06-03 14:25:23] GET /ss_portal/index.php elapsed=0.0009
[2026-06-03 14:25:26] GET /ss_portal/modules/module1/index.php elapsed=0.0004
[2026-06-03 14:25:31] GET /ss_portal/modules/module1/index.php elapsed=0.0003
[2026-06-03 14:25:54] GET /ss_portal/courses.php elapsed=0.0054
[2026-06-03 14:27:03] GET /ss_portal/courses.php elapsed=0.0057
[2026-06-03 14:27:05] GET /ss_portal/index.php elapsed=0.0006
[2026-06-03 14:28:03] GET /ss_portal/modules/module1/index.php elapsed=0.0002
[2026-06-03 14:28:06] GET /ss_portal/modules/module1/index.php elapsed=0.0004
[2026-06-03 14:28:08] GET /ss_portal/index.php elapsed=0.0010
[2026-06-03 14:28:17] GET /ss_portal/logout.php elapsed=0.0019
[2026-06-03 14:28:17] GET /ss_portal/login.php elapsed=0.0270
[2026-06-03 14:28:25] POST /ss_portal/login.php elapsed=0.1326
[2026-06-03 14:28:25] GET /ss_portal/index.php elapsed=0.0007
[2026-06-03 14:30:09] GET /ss_portal/index.php elapsed=0.0014
[2026-06-03 14:30:10] GET /ss_portal/modules/module1/index.php elapsed=0.0003
[2026-06-03 14:30:12] GET /ss_portal/modules/module1/index.php elapsed=0.0004
[2026-06-03 14:30:17] GET /ss_portal/courses.php elapsed=0.0201
[2026-06-03 14:30:19] GET /ss_portal/courses.php elapsed=0.0058
[2026-06-03 14:30:20] GET /ss_portal/grades.php elapsed=0.0073
[2026-06-03 14:30:26] GET /ss_portal/quizzes.php elapsed=0.0003
[2026-06-03 14:30:30] GET /ss_portal/profile.php elapsed=0.0194
[2026-06-03 14:30:41] GET /ss_portal/index.php elapsed=0.0007
[2026-06-03 14:31:48] GET /ss_portal/courses.php elapsed=0.0045
[2026-06-03 14:31:50] GET /ss_portal/grades.php elapsed=0.0264
[2026-06-03 14:31:52] GET /ss_portal/index.php elapsed=0.0007
[2026-06-03 14:31:55] GET /ss_portal/modules/module1/index.php elapsed=0.0002
[2026-06-03 14:32:13] GET /ss_portal/grades.php elapsed=0.0263
[2026-06-03 14:32:22] GET /ss_portal/grades.php elapsed=0.0234
[2026-06-03 14:32:36] GET /ss_portal/profile.php elapsed=0.0063
[2026-06-03 14:32:43] GET /ss_portal/index.php elapsed=0.0008
[2026-06-03 14:33:03] GET /ss_portal/index.php elapsed=0.0006
[2026-06-03 14:33:04] GET /ss_portal/index.php elapsed=0.0006
[2026-06-03 14:33:06] GET /ss_portal/modules/module1/index.php elapsed=0.0003
[2026-06-03 14:33:08] GET /ss_portal/modules/module1/quiz.php elapsed=0.0003
[2026-06-03 14:33:12] GET /ss_portal/modules/module1/index.php elapsed=0.0006
[2026-06-03 14:34:31] GET /ss_portal/modules/module1/quiz.php elapsed=0.0004
[2026-06-03 14:34:57] GET /ss_portal/modules/module1/index.php elapsed=0.0003
[2026-06-03 14:35:00] GET /ss_portal/index.php elapsed=0.0009
[2026-06-03 14:35:03] GET /ss_portal/index.php elapsed=0.0011
[2026-06-03 14:35:06] GET /ss_portal/courses.php elapsed=0.0362
[2026-06-03 14:35:12] GET /ss_portal/modules/module1/index.php elapsed=0.0003
[2026-06-03 14:35:17] GET /ss_portal/modules/module1/index.php elapsed=0.0003
[2026-06-03 14:35:20] GET /ss_portal/modules/module1/index.php elapsed=0.0003
[2026-06-03 14:35:24] GET /ss_portal/modules/module1/index.php elapsed=0.0004
[2026-06-03 14:35:25] GET /ss_portal/courses.php elapsed=0.0156
[2026-06-03 14:35:28] GET /ss_portal/quizzes.php elapsed=0.0003
[2026-06-03 14:35:53] GET /ss_portal/quizzes.php elapsed=0.0002
[2026-06-03 14:35:55] GET /ss_portal/index.php elapsed=0.0007
[2026-06-03 14:35:57] GET /ss_portal/modules/module1/index.php elapsed=0.0006
[2026-06-03 14:36:00] GET /ss_portal/modules/module1/index.php elapsed=0.0003
[2026-06-03 14:36:35] GET /ss_portal/index.php elapsed=0.0006
[2026-06-03 14:36:38] GET /ss_portal/logout.php elapsed=0.0010
[2026-06-03 14:36:38] GET /ss_portal/login.php elapsed=0.0126
[2026-06-03 14:36:46] POST /ss_portal/login.php elapsed=0.1323
[2026-06-03 14:36:46] GET /ss_portal/index.php elapsed=0.0007
[2026-06-03 14:36:51] GET /ss_portal/courses.php elapsed=0.0049
[2026-06-03 14:36:53] GET /ss_portal/modules/module1/index.php elapsed=0.0003
[2026-06-03 14:36:56] GET /ss_portal/modules/module1/quiz.php elapsed=0.0002
[2026-06-03 14:37:00] GET /ss_portal/modules/module1/index.php elapsed=0.0003
[2026-06-03 14:39:20] GET /ss_portal/modules/module1/index.php elapsed=0.0007
[2026-06-03 14:39:30] GET /ss_portal/modules/module1/quiz.php elapsed=0.0007
[2026-06-03 14:39:49] GET /ss_portal/modules/module1/index.php elapsed=0.0006
[2026-06-03 14:39:53] GET /ss_portal/index.php elapsed=0.0012
[2026-06-03 14:40:02] GET /ss_portal/modules/module2/quiz.php elapsed=0.0045
[2026-06-03 14:43:15] GET /ss_portal/modules/module2/index.php elapsed=0.0017
[2026-06-03 14:43:26] GET /ss_portal/modules/module2/index.php elapsed=0.0015
[2026-06-03 14:43:28] GET /ss_portal/index.php elapsed=0.0010
[2026-06-03 14:43:31] GET /ss_portal/modules/module1/index.php elapsed=0.0006
[2026-06-03 14:43:33] GET /ss_portal/modules/module1/quiz.php elapsed=0.0006
[2026-06-03 14:43:37] GET /ss_portal/modules/module1/index.php elapsed=0.0004
[2026-06-03 14:43:54] GET /ss_portal/modules/module2/index.php elapsed=0.0016
[2026-06-03 14:44:04] GET /ss_portal/modules/module3/index.php elapsed=0.0008
[2026-06-03 14:45:17] GET /ss_portal/modules/module1/index.php elapsed=0.0007
[2026-06-03 14:48:39] GET /ss_portal/modules/module1/index.php elapsed=0.0027
[2026-06-03 14:48:40] GET /SS_Portal/modules/module2/index.php elapsed=0.0034
[2026-06-03 14:48:48] GET /SS_Portal/modules/module3/index.php elapsed=0.0023
[2026-06-03 14:48:50] GET /SS_Portal/modules/module4/index.php elapsed=0.0022
[2026-06-03 14:48:52] GET /SS_Portal/modules/module5/index.php elapsed=0.0032
[2026-06-03 14:48:54] GET /SS_Portal/modules/module6/index.php elapsed=0.0024
[2026-06-03 14:48:56] GET /SS_Portal/index.php elapsed=0.0010
[2026-06-03 14:49:03] GET /SS_Portal/locked_module.php?module=2 elapsed=0.0009
[2026-06-03 14:49:06] GET /SS_Portal/index.php elapsed=0.0014
[2026-06-03 15:08:07] GET /SS_Portal/index.php elapsed=0.0013
[2026-06-03 15:08:10] GET /SS_Portal/logout.php elapsed=0.0009
[2026-06-03 15:08:10] GET /SS_Portal/login.php elapsed=0.0062
[2026-06-03 15:08:23] POST /SS_Portal/login.php elapsed=0.0062
[2026-06-03 15:08:54] POST /SS_Portal/login.php elapsed=0.0286
[2026-06-03 15:09:03] POST /SS_Portal/login.php elapsed=0.0152
[2026-06-03 15:09:32] POST /SS_Portal/login.php elapsed=0.0051
[2026-06-03 15:09:35] GET /SS_Portal/register.php elapsed=0.0051
[2026-06-03 15:09:39] GET /SS_Portal/login.php elapsed=0.0042
[2026-06-03 15:10:52] GET /SS_Portal/admin_login.php elapsed=0.0138
[2026-06-03 15:11:04] POST /SS_Portal/admin_login.php elapsed=0.0087
[2026-06-03 15:11:04] GET /SS_Portal/dashboard.php elapsed=0.0232
[2026-06-03 15:11:12] POST /SS_Portal/dashboard.php elapsed=0.0167
[2026-06-03 15:11:34] GET /SS_Portal/ elapsed=0.0007
[2026-06-03 15:11:38] GET /SS_Portal/index.php elapsed=0.0009
[2026-06-03 15:11:41] GET /SS_Portal/profile.php elapsed=0.0005
[2026-06-03 15:11:41] GET /SS_Portal/login.php elapsed=0.0155
[2026-06-03 15:11:49] POST /SS_Portal/login.php elapsed=0.1297
[2026-06-03 15:11:49] GET /SS_Portal/index.php elapsed=0.0012
[2026-06-03 15:11:53] GET /SS_Portal/profile.php elapsed=0.0053
[2026-06-03 15:12:02] POST /SS_Portal/profile.php elapsed=0.0298
[2026-06-03 15:12:08] POST /SS_Portal/profile.php elapsed=0.0099
[2026-06-03 15:14:20] GET /SS_Portal/grades.php elapsed=0.0248
[2026-06-03 15:14:22] GET /SS_Portal/quizzes.php elapsed=0.0005
[2026-06-03 15:14:25] GET /SS_Portal/courses.php elapsed=0.0369
[2026-06-03 15:14:29] GET /SS_Portal/courses.php elapsed=0.0040
[2026-06-03 15:14:37] GET /SS_Portal/profile.php elapsed=0.0168
[2026-06-03 15:14:44] POST /SS_Portal/dashboard.php elapsed=0.0117
[2026-06-03 15:14:45] POST /SS_Portal/dashboard.php elapsed=0.0116
[2026-06-03 15:14:49] GET /SS_Portal/profile.php elapsed=0.0180
[2026-06-03 15:14:51] GET /SS_Portal/profile.php elapsed=0.0063
